// Jest Snapshot v1, https://goo.gl/fbAQLP

exports[`ItemDetailCard renders correctly when an error has ocurred 1`] = `ShallowWrapper {}`;

exports[`ItemDetailCard renders correctly when loading is taking place 1`] = `ShallowWrapper {}`;

exports[`ItemDetailCard renders correctly with valid data 1`] = `ShallowWrapper {}`;
