// Jest Snapshot v1, https://goo.gl/fbAQLP

exports[`ItemsList renderds correctly when an error has ocurred 1`] = `ShallowWrapper {}`;

exports[`ItemsList renders correctly when a valid set of items is passed 1`] = `ShallowWrapper {}`;

exports[`ItemsList renders correctly when loading is taking place 1`] = `ShallowWrapper {}`;
